// Jest Snapshot v1, https://goo.gl/fbAQLP

exports[`src/App/App.container.tsx snapshot 1`] = `null`;
